// Jest Snapshot v1, https://goo.gl/fbAQLP

exports[`<FavoritesEmpty /> renders correctly 1`] = `ReactWrapper {}`;
