// Jest Snapshot v1, https://goo.gl/fbAQLP

exports[`<CitiesList /> renders correctly 1`] = `null`;
