// Jest Snapshot v1, https://goo.gl/fbAQLP

exports[`<PlacesDetail /> renders correctly 1`] = `ReactWrapper {}`;
