// Jest Snapshot v1, https://goo.gl/fbAQLP

exports[`<Offers /> renders correctly 1`] = `ReactWrapper {}`;
