// Jest Snapshot v1, https://goo.gl/fbAQLP

exports[`<AddToFavorite /> renders correctly 1`] = `
<button
  className="property__bookmark-button button property__bookmark-button--active"
  onClick={[Function]}
  type="button"
>
  <svg
    className="place-card__bookmark-icon"
    height={33}
    width={31}
  >
    <use
      xlinkHref="#icon-bookmark"
    />
  </svg>
  <span
    className="visually-hidden"
  >
    To bookmarks
  </span>
</button>
`;
