// Jest Snapshot v1, https://goo.gl/fbAQLP

exports[`<PlacesList /> renders correctly 1`] = `null`;
